BRENT_eia_1d done
WTI_eia_1d done
NG_oanda_1d done
HH_eia_1d done
WTI_oanda_1d done
NG_oanda_4h done
WTI_oanda_4h done
NG_oanda_1h done
WTI_oanda_1h done
                                 n_med_p1  avgR_med_p1  pos_p1  n_med_p2  avgR_med_p2  pos_p2  n_med_p3  avgR_med_p3  pos_p3  n_med_p4  avgR_med_p4  pos_p4
set          fam        trend                                                                                                                              
BRENT_eia_1d cont       counter      29.0         0.23    0.70      14.5         0.13    0.75      11.0         0.26    0.76      11.0        -0.03    0.46
                        with         22.0        -0.04    0.41      20.0         0.51    0.96      10.0         0.66    0.96       9.5         0.18    0.62
             cont_trail counter      28.0         0.21    0.72      14.0         0.24    0.73      10.0         0.63    0.71      11.0         0.24    0.64
                        with         21.0        -0.41    0.31      18.5         1.90    1.00       9.0         0.68    0.62       9.0         0.50    0.73
             rev        counter      22.5        -0.14    0.27      14.5         0.12    0.59      13.0        -0.20    0.30      10.0        -0.36    0.20
                        with         18.0         0.22    0.73      14.0        -0.13    0.33       8.0         0.24    0.64       9.0         0.28    0.74
             rev_ret    counter      22.5        -0.20    0.34      14.5         0.22    0.70      13.0        -0.45    0.20      10.0        -0.32    0.24
                        with         18.0         0.44    0.87      14.0        -0.27    0.23       8.0        -0.06    0.42       9.0         0.47    0.82
HH_eia_1d    cont       counter       7.0        -0.88    0.10      16.0         0.01    0.51      10.0        -0.10    0.39      11.5         0.14    0.66
                        with          8.0         2.51    0.81      12.0        -0.40    0.21       8.0        -1.46    0.00       9.0         0.17    0.56
             cont_trail counter       7.0        -0.91    0.00      15.0        -0.37    0.27      10.0        -0.47    0.22      11.0        -0.28    0.27
                        with          6.0         1.31    1.00      12.0        -1.32    0.00       8.0        -2.26    0.07       8.0        -1.22    0.04
             rev        counter       7.0         0.73    0.64      13.0         0.09    0.65      12.0        -0.08    0.44      10.0         0.08    0.58
                        with          6.0        -0.68    0.00      12.0        -0.44    0.11       9.0         0.14    0.62       8.0         0.13    0.61
             rev_ret    counter       7.0         0.15    0.50      13.0        -0.21    0.26      12.0        -0.39    0.21      10.0        -0.02    0.49
                        with          6.0        -1.30    0.00      12.0        -0.74    0.11       9.0        -0.67    0.17       8.0        -0.07    0.39
NG_oanda_1d  cont       counter       NaN          NaN     NaN      15.0         0.48    0.83      11.0        -0.28    0.20       NaN          NaN     NaN
                        with          NaN          NaN     NaN      15.0        -0.27    0.03       8.0        -0.13    0.29       NaN          NaN     NaN
             cont_trail counter       NaN          NaN     NaN      14.0         0.17    0.80      11.0        -0.40    0.00       NaN          NaN     NaN
                        with          NaN          NaN     NaN      14.0        -0.25    0.10       8.0         0.13    0.54       NaN          NaN     NaN
             rev        counter       NaN          NaN     NaN      12.0         0.18    0.61       7.5         0.18    0.79       NaN          NaN     NaN
                        with          NaN          NaN     NaN       9.0        -0.41    0.07       7.0         0.10    0.65       NaN          NaN     NaN
             rev_ret    counter       NaN          NaN     NaN      12.0        -0.05    0.48       7.5         0.16    0.64       NaN          NaN     NaN
                        with          NaN          NaN     NaN       9.0        -0.35    0.30       7.0         0.12    0.74       NaN          NaN     NaN
NG_oanda_1h  cont       counter       NaN          NaN     NaN     284.0        -0.15    0.15     168.5        -0.11    0.10       NaN          NaN     NaN
                        with          NaN          NaN     NaN     340.0        -0.08    0.17     163.0        -0.09    0.32       NaN          NaN     NaN
             cont_trail counter       NaN          NaN     NaN     272.5        -0.03    0.29     164.0        -0.08    0.24       NaN          NaN     NaN
                        with          NaN          NaN     NaN     324.0         0.04    0.76     157.0        -0.12    0.21       NaN          NaN     NaN
             rev        counter       NaN          NaN     NaN     329.5        -0.08    0.11     167.0        -0.36    0.00       NaN          NaN     NaN
                        with          NaN          NaN     NaN     281.5        -0.17    0.06     178.0        -0.21    0.00       NaN          NaN     NaN
             rev_ret    counter       NaN          NaN     NaN     329.5        -0.09    0.01     167.0        -0.32    0.00       NaN          NaN     NaN
                        with          NaN          NaN     NaN     282.0        -0.17    0.03     178.5        -0.20    0.03       NaN          NaN     NaN
NG_oanda_4h  cont       counter       NaN          NaN     NaN      77.0         0.02    0.51      39.0         0.10    0.75       NaN          NaN     NaN
                        with          NaN          NaN     NaN      92.0        -0.07    0.29      36.0        -0.06    0.40       NaN          NaN     NaN
             cont_trail counter       NaN          NaN     NaN      75.0         0.12    0.71      37.5         0.10    0.66       NaN          NaN     NaN
                        with          NaN          NaN     NaN      87.0        -0.06    0.33      35.0         0.04    0.54       NaN          NaN     NaN
             rev        counter       NaN          NaN     NaN      67.0        -0.08    0.31      38.5        -0.10    0.34       NaN          NaN     NaN
                        with          NaN          NaN     NaN      77.5        -0.03    0.44      43.5        -0.23    0.14       NaN          NaN     NaN
             rev_ret    counter       NaN          NaN     NaN      67.0        -0.08    0.35      38.5        -0.12    0.32       NaN          NaN     NaN
                        with          NaN          NaN     NaN      77.5         0.03    0.57      43.5        -0.21    0.11       NaN          NaN     NaN
WTI_eia_1d   cont       counter      23.0        -0.14    0.37      15.0         0.62    1.00      10.0         0.17    0.63      10.5         0.53    0.89
                        with         23.0        -0.37    0.16      13.0         0.18    0.70       8.0         0.32    0.69      10.0         0.00    0.52
             cont_trail counter      22.0         0.03    0.51      14.5         0.40    0.88       9.0         0.19    0.58      10.0         1.83    0.92
                        with         22.0        -1.00    0.08      11.0        -0.20    0.38       8.0         0.61    0.62      10.0         0.47    0.94
             rev        counter      21.5         0.15    0.63      13.0         0.10    0.65      10.0        -0.45    0.12      10.0         0.02    0.50
                        with         17.0         0.25    0.68      14.0         0.01    0.54       8.0        -0.41    0.17       9.0         0.39    0.73
             rev_ret    counter      21.5         0.02    0.55      13.0         0.36    0.81      10.0        -0.53    0.16      10.0         0.11    0.56
                        with         17.0        -0.22    0.28      14.0         0.02    0.51       8.0        -0.57    0.14       9.0         0.53    0.86
WTI_oanda_1d cont       counter       NaN          NaN     NaN      14.0         0.11    0.74       8.0         0.04    0.53       NaN          NaN     NaN
                        with          NaN          NaN     NaN      11.0         0.34    0.84       8.0         0.37    0.79       NaN          NaN     NaN
             cont_trail counter       NaN          NaN     NaN      13.0         0.15    0.77       8.0         0.09    0.67       NaN          NaN     NaN
                        with          NaN          NaN     NaN      11.0         0.50    0.91       8.0         0.60    0.89       NaN          NaN     NaN
             rev        counter       NaN          NaN     NaN      11.5         0.45    0.88       8.0        -0.25    0.21       NaN          NaN     NaN
                        with          NaN          NaN     NaN      11.0        -0.11    0.33       7.0        -0.44    0.25       NaN          NaN     NaN
             rev_ret    counter       NaN          NaN     NaN      11.5         0.40    0.88       8.0        -0.15    0.28       NaN          NaN     NaN
                        with          NaN          NaN     NaN      11.0        -0.13    0.33       7.0        -0.47    0.12       NaN          NaN     NaN
WTI_oanda_1h cont       counter       NaN          NaN     NaN     232.0        -0.02    0.44     135.5        -0.05    0.24       NaN          NaN     NaN
                        with          NaN          NaN     NaN     275.5         0.06    0.85     147.5        -0.07    0.19       NaN          NaN     NaN
             cont_trail counter       NaN          NaN     NaN     224.5         0.05    0.56     130.0         0.08    0.74       NaN          NaN     NaN
                        with          NaN          NaN     NaN     264.0         0.21    1.00     139.5        -0.11    0.24       NaN          NaN     NaN
             rev        counter       NaN          NaN     NaN     303.0        -0.01    0.40     132.5        -0.13    0.11       NaN          NaN     NaN
                        with          NaN          NaN     NaN     289.5        -0.05    0.22     145.5        -0.30    0.00       NaN          NaN     NaN
             rev_ret    counter       NaN          NaN     NaN     303.5        -0.00    0.44     133.0        -0.12    0.12       NaN          NaN     NaN
                        with          NaN          NaN     NaN     289.5        -0.09    0.12     145.5        -0.31    0.00       NaN          NaN     NaN
WTI_oanda_4h cont       counter       NaN          NaN     NaN      49.0         0.01    0.56      36.0         0.03    0.56       NaN          NaN     NaN
                        with          NaN          NaN     NaN      61.0        -0.09    0.30      27.0        -0.02    0.47       NaN          NaN     NaN
             cont_trail counter       NaN          NaN     NaN      48.0        -0.05    0.31      35.0        -0.19    0.17       NaN          NaN     NaN
                        with          NaN          NaN     NaN      59.5        -0.10    0.24      25.5        -0.06    0.39       NaN          NaN     NaN
             rev        counter       NaN          NaN     NaN      64.0         0.07    0.74      34.0        -0.15    0.22       NaN          NaN     NaN
                        with          NaN          NaN     NaN      64.5         0.09    0.76      30.5        -0.26    0.07       NaN          NaN     NaN
             rev_ret    counter       NaN          NaN     NaN      64.0         0.10    0.79      34.0        -0.09    0.29       NaN          NaN     NaN
                        with          NaN          NaN     NaN      65.0         0.05    0.71      30.5        -0.22    0.06       NaN          NaN     NaN
